// Jest Snapshot v1, https://goo.gl/fbAQLP

exports[`Branch rendering 1`] = `
<li>
  <figure>
    <styled.div>
      <figcaption>
        testLabelKey
      </figcaption>
      <styled.div>
        <div />
      </styled.div>
    </styled.div>
    <ul />
  </figure>
</li>
`;
