// Jest Snapshot v1, https://goo.gl/fbAQLP

exports[`Leaf rendering 1`] = `
<styled.li>
  testLabelKey
  <styled.div>
    <div />
  </styled.div>
</styled.li>
`;
